[2026-03-19 10:47:02] FedMMDP secure aggregation only supports Lloyd k-means; overriding cluster_method from finch to kmeans.
[2026-03-19 10:47:02] start creating model and partition datasets
[2026-03-19 10:47:03] Setting model 0
[2026-03-19 10:47:03] Setting model 1
[2026-03-19 10:47:03] Setting model 2
[2026-03-19 10:47:03] Setting model 3
[2026-03-19 10:47:03] Setting model 4
[2026-03-19 10:47:03] Setting model 0
[2026-03-19 10:47:03] Setting model 1
[2026-03-19 10:47:03] Setting model 2
[2026-03-19 10:47:03] Setting model 3
[2026-03-19 10:47:03] Setting model 4
[2026-03-19 10:47:04] Round 1!
[2026-03-19 10:47:04] Initialized 5 FedMMDP centroids with random_unit strategy (seed=76439).
[2026-03-19 10:47:05] Secure-agg statistics collected from image client 0.
[2026-03-19 10:47:05] Secure-agg statistics collected from image client 1.
[2026-03-19 10:47:05] Secure-agg statistics collected from image client 2.
[2026-03-19 10:47:06] Secure-agg statistics collected from image client 3.
[2026-03-19 10:47:06] Secure-agg statistics collected from image client 4.
[2026-03-19 10:47:06] Secure-agg statistics collected from text client 5.
[2026-03-19 10:47:07] Secure-agg statistics collected from text client 6.
[2026-03-19 10:47:08] Secure-agg statistics collected from text client 7.
[2026-03-19 10:47:09] Secure-agg statistics collected from text client 8.
[2026-03-19 10:47:09] Secure-agg statistics collected from text client 9.
[2026-03-19 10:47:09] Secure-agg statistics collected from mm client 10.
[2026-03-19 10:47:10] Secure-agg statistics collected from mm client 11.
[2026-03-19 10:47:12] Secure-agg statistics collected from mm client 12.
[2026-03-19 10:47:12] Secure-agg statistics collected from mm client 13.
[2026-03-19 10:47:12] Secure-agg statistics collected from mm client 14.
[2026-03-19 10:47:12] Secure-agg Lloyd cluster 0 count: 467
[2026-03-19 10:47:12] Secure-agg Lloyd cluster 1 count: 655
[2026-03-19 10:47:12] Secure-agg Lloyd cluster 2 count: 8092
[2026-03-19 10:47:12] Secure-agg Lloyd cluster 3 count: 382
[2026-03-19 10:47:12] Secure-agg Lloyd cluster 4 count: 2436
[2026-03-19 10:47:12] Secure aggregation finalized for 15 clients in round 1.
[2026-03-19 10:47:12] Training Client 0 with secure-agg centroids.
[2026-03-19 10:47:12] Epoch: [1] image	Loss 4.9072 (4.9169)	Prec@1 0.000 (0.130)	Prec@5 3.516 (3.255)
[2026-03-19 10:47:13] TEST:  Epoch: [1] image	Prec@1 0.738	Prec@5 2.583
[2026-03-19 10:47:13] Training Client 1 with secure-agg centroids.
[2026-03-19 10:47:13] Epoch: [1] image	Loss 4.6313 (4.6313)	Prec@1 13.672 (13.672)	Prec@5 37.109 (37.109)
[2026-03-19 10:47:13] TEST:  Epoch: [1] image	Prec@1 10.738	Prec@5 38.255
[2026-03-19 10:47:13] Training Client 2 with secure-agg centroids.
[2026-03-19 10:47:13] Epoch: [1] image	Loss 4.8827 (4.9067)	Prec@1 2.734 (3.906)	Prec@5 13.672 (13.932)
[2026-03-19 10:47:14] TEST:  Epoch: [1] image	Prec@1 2.491	Prec@5 13.325
[2026-03-19 10:47:14] Training Client 3 with secure-agg centroids.
[2026-03-19 10:47:15] Epoch: [1] image	Loss 4.8329 (4.8433)	Prec@1 4.688 (3.516)	Prec@5 19.531 (19.661)
[2026-03-19 10:47:15] TEST:  Epoch: [1] image	Prec@1 2.548	Prec@5 19.108
[2026-03-19 10:47:15] Training Client 4 with secure-agg centroids.
[2026-03-19 10:47:15] Epoch: [1] image	Loss 4.8503 (4.8503)	Prec@1 3.516 (3.516)	Prec@5 31.250 (31.250)
[2026-03-19 10:47:15] TEST:  Epoch: [1] image	Prec@1 12.500	Prec@5 39.286
[2026-03-19 10:47:15] Training Client 5 with secure-agg centroids.
[2026-03-19 10:47:15] Epoch: [1] text	Loss 4.8418 (4.8418)	Prec@1 0.000 (0.000)	Prec@5 4.688 (4.688)
[2026-03-19 10:47:16] TEST:  Epoch: [1] text	Prec@1 0.369	Prec@5 7.380
[2026-03-19 10:47:16] Training Client 6 with secure-agg centroids.
[2026-03-19 10:47:16] Epoch: [1] text	Loss 4.5780 (4.5646)	Prec@1 12.500 (12.240)	Prec@5 38.281 (38.932)
[2026-03-19 10:47:16] TEST:  Epoch: [1] text	Prec@1 18.121	Prec@5 44.631
[2026-03-19 10:47:16] Training Client 7 with secure-agg centroids.
[2026-03-19 10:47:18] Epoch: [1] text	Loss 4.7368 (4.8182)	Prec@1 3.125 (3.286)	Prec@5 20.703 (16.108)
[2026-03-19 10:47:19] TEST:  Epoch: [1] text	Prec@1 6.725	Prec@5 27.895
[2026-03-19 10:47:19] Training Client 8 with secure-agg centroids.
[2026-03-19 10:47:19] Epoch: [1] text	Loss 4.8277 (4.8277)	Prec@1 3.516 (3.516)	Prec@5 21.484 (21.484)
[2026-03-19 10:47:19] TEST:  Epoch: [1] text	Prec@1 6.369	Prec@5 21.656
[2026-03-19 10:47:19] Training Client 9 with secure-agg centroids.
[2026-03-19 10:47:19] Epoch: [1] text	Loss 0.0000 (0.0000)	Prec@1 0.000 (0.000)	Prec@5 0.000 (0.000)
[2026-03-19 10:47:19] TEST:  Epoch: [1] text	Prec@1 1.786	Prec@5 16.071
[2026-03-19 10:47:20] Training Client 10 with secure-agg centroids.
[2026-03-19 10:47:20] Epoch 1
[2026-03-19 10:47:21] Training Client 11 with secure-agg centroids.
[2026-03-19 10:47:21] Epoch 1
[2026-03-19 10:47:22] Training Client 12 with secure-agg centroids.
[2026-03-19 10:47:22] Epoch 1
