[2026-03-19 10:47:04] start creating model and partition datasets
[2026-03-19 10:47:04] Setting model 0
[2026-03-19 10:47:04] Setting model 1
[2026-03-19 10:47:04] Setting model 2
[2026-03-19 10:47:05] Setting model 3
[2026-03-19 10:47:05] Setting model 4
[2026-03-19 10:47:05] Setting model 0
[2026-03-19 10:47:05] Setting model 1
[2026-03-19 10:47:05] Setting model 2
[2026-03-19 10:47:05] Setting model 3
[2026-03-19 10:47:05] Setting model 4
[2026-03-19 10:47:06] Engine is created.
[2026-03-19 10:47:06] Munch({'dataloader': Munch({'batch_size': 256, 'eval_batch_size': 256, 'num_workers': 0, 'alpha': 0.1, 'partition': 'hetero'}), 'model': Munch({'embed_dim': 1024, 'clip_model': 'RN50', 'cnn_type': 'resnet18', 'word_dim': 512, 'cache_dir': '/data/mmdata/log/MMCLIP/', 'n_samples_inference': 1, 'eval_method': 'matmul', 'use_img_client': True, 'use_txt_client': True, 'use_mm_client': True, 'client': 0.1, 'momentum': 0.9, 'name': 'clip', 'use_pretrained_proj': False, 'img_client': 'image', 'txt_client': 'text'}), 'optimizer': Munch({'name': 'adamp', 'learning_rate': 0.0002, 'weight_decay': 0.0}), 'lr_scheduler': Munch({'name': 'cosine_annealing', 'T_max': 30}), 'criterion': Munch({'name': 'pcme', 'init_negative_scale': 15, 'init_shift': 15, 'num_samples': 7, 'vib_beta': 0, 'criterion__negative_sampling_ratio': -1}), 'train': Munch({'is_client': True, 'server_dataset': 'Coco', 'model_save_path': 'model_last_no_prob.pth', 'best_model_save_path': 'model_best_no_prob.pth', 'pretrain_epochs': 0, 'finetune_epochs': 2, 'finetune_lr_decay': 0.1, 'log_step': 1000, 'grad_clip': 2, 'val_epochs': 1, 'pretrain_val_epochs': 1, 'use_fp16': True, 'output_file': 'FedMMDP-MASA_iapr_clip_1e-05_0.1_1x20_model_noprob.log'})})
[2026-03-19 10:47:06] start train
[2026-03-19 10:47:06] Train with half precision
[2026-03-19 10:47:06] Round 1!
[2026-03-19 10:47:06] Training Client 10!
[2026-03-19 10:47:06] Epoch 1
[2026-03-19 10:47:08] Training Client 1!
[2026-03-19 10:47:08] Epoch: [1] image	Loss 3.3215 (3.3215)	Prec@1 14.844 (14.844)	Prec@5 17.188 (17.188)
[2026-03-19 10:47:08] TEST:  Epoch: [1] image	Prec@1 11.745 (11.745)	Prec@5 19.463 (19.463)
[2026-03-19 10:47:08] Training Client 0!
[2026-03-19 10:47:09] Epoch: [1] image	Loss 3.5155 (3.5394)	Prec@1 0.000 (0.000)	Prec@5 0.000 (0.000)
[2026-03-19 10:47:09] TEST:  Epoch: [1] image	Prec@1 0.000 (0.000)	Prec@5 0.000 (0.000)
[2026-03-19 10:47:09] Training Client 11!
[2026-03-19 10:47:09] Epoch 1
[2026-03-19 10:47:11] Training Client 4!
[2026-03-19 10:47:11] Epoch: [1] image	Loss 3.3647 (3.3647)	Prec@1 0.000 (0.000)	Prec@5 24.609 (24.609)
[2026-03-19 10:47:11] TEST:  Epoch: [1] image	Prec@1 0.000 (0.000)	Prec@5 33.929 (33.929)
[2026-03-19 10:47:11] Training Client 3!
[2026-03-19 10:47:12] Epoch: [1] image	Loss 3.3414 (3.3587)	Prec@1 0.391 (0.130)	Prec@5 34.375 (29.427)
[2026-03-19 10:47:12] TEST:  Epoch: [1] image	Prec@1 0.000 (0.000)	Prec@5 41.401 (41.401)
[2026-03-19 10:47:12] Training Client 9!
[2026-03-19 10:47:12] Epoch: [1] text	Loss 0.0000 (0.0000)	Prec@1 0.000 (0.000)	Prec@5 0.000 (0.000)
[2026-03-19 10:47:12] TEST:  Epoch: [1] text	Prec@1 0.000 (0.000)	Prec@5 12.500 (12.500)
[2026-03-19 10:47:12] Training Client 2!
[2026-03-19 10:47:13] Epoch: [1] image	Loss 3.3574 (3.3969)	Prec@1 0.000 (0.000)	Prec@5 0.781 (0.521)
[2026-03-19 10:47:13] TEST:  Epoch: [1] image	Prec@1 0.000 (0.000)	Prec@5 28.522 (26.526)
[2026-03-19 10:47:13] Training Client 5!
[2026-03-19 10:47:13] Epoch: [1] text	Loss 3.5704 (3.5704)	Prec@1 0.000 (0.000)	Prec@5 0.000 (0.000)
[2026-03-19 10:47:14] TEST:  Epoch: [1] text	Prec@1 0.000 (0.000)	Prec@5 0.000 (0.000)
[2026-03-19 10:47:14] Training Client 12!
[2026-03-19 10:47:14] Epoch 1
[2026-03-19 10:47:17] Training Client 14!
[2026-03-19 10:47:17] Epoch 1
[2026-03-19 10:47:17] Skip MASA local epoch for client 4: train loader has no full batch
[2026-03-19 10:47:17] Training Client 6!
[2026-03-19 10:47:17] Epoch: [1] text	Loss 3.2724 (3.2864)	Prec@1 16.016 (14.453)	Prec@5 36.719 (34.245)
[2026-03-19 10:47:17] TEST:  Epoch: [1] text	Prec@1 12.081 (12.081)	Prec@5 48.658 (48.658)
[2026-03-19 10:47:18] Training Client 7!
[2026-03-19 10:47:19] Epoch: [1] text	Loss 2.0045 (2.7950)	Prec@1 54.688 (37.339)	Prec@5 94.531 (62.914)
[2026-03-19 10:47:20] TEST:  Epoch: [1] text	Prec@1 54.296 (53.300)	Prec@5 96.220 (95.392)
[2026-03-19 10:47:20] Training Client 13!
[2026-03-19 10:47:20] Epoch 1
[2026-03-19 10:47:20] Skip MASA local epoch for client 3: train loader has no full batch
[2026-03-19 10:47:20] Training Client 8!
[2026-03-19 10:47:20] Epoch: [1] text	Loss 3.3491 (3.3491)	Prec@1 0.000 (0.000)	Prec@5 26.953 (26.953)
[2026-03-19 10:47:21] TEST:  Epoch: [1] text	Prec@1 0.000 (0.000)	Prec@5 26.752 (26.752)
[2026-03-19 10:47:48] TEST:  Epoch: [1] image	Prec@1 37.778 (41.196)	Prec@5 95.556 (96.013)
[2026-03-19 10:47:49] TEST:  Epoch: [1] image	Prec@1 17.333 (20.242)	Prec@5 96.000 (96.375)
[2026-03-19 10:47:49] TEST:  Epoch: [1] image	Prec@1 60.484 (53.251)	Prec@5 91.129 (85.650)
[2026-03-19 10:47:50] TEST:  Epoch: [1] image	Prec@1 20.000 (20.000)	Prec@5 89.714 (89.714)
[2026-03-19 10:47:50] TEST:  Epoch: [1] image	Prec@1 56.452 (56.452)	Prec@5 74.194 (74.194)
[2026-03-19 10:47:50] TEST:  Epoch: [1] text	Prec@1 37.778 (41.196)	Prec@5 91.111 (93.023)
[2026-03-19 10:47:50] TEST:  Epoch: [1] text	Prec@1 30.667 (32.931)	Prec@5 96.000 (96.375)
[2026-03-19 10:47:51] TEST:  Epoch: [1] text	Prec@1 60.484 (53.251)	Prec@5 93.548 (91.480)
[2026-03-19 10:47:51] TEST:  Epoch: [1] text	Prec@1 20.000 (20.000)	Prec@5 89.714 (89.714)
[2026-03-19 10:47:51] TEST:  Epoch: [1] text	Prec@1 0.000 (0.000)	Prec@5 19.355 (19.355)
[2026-03-19 10:48:42] [Eval] Report @step: 1.00 {
    "test__rsum": 438.53820598006644,
    "test__medr": 5.0,
    "test__meanr": 11.514950166112957,
    "test__n_fold_i2t_recall_1": 42.524916943521596,
    "test__n_fold_i2t_recall_5": 83.72093023255815,
    "test__n_fold_i2t_recall_10": 86.04651162790698,
    "test__n_fold_i2t_rsum": 212.2923588039867,
    "test__n_fold_i2t_medr": 3.0,
    "test__n_fold_i2t_meanr": 7.079734219269103,
    "test__n_fold_t2i_recall_1": 40.863787375415285,
    "test__n_fold_t2i_recall_5": 88.37209302325581,
    "test__n_fold_t2i_recall_10": 97.00996677740864,
    "test__n_fold_t2i_rsum": 226.24584717607974,
    "test__n_fold_t2i_medr": 2.0,
    "test__n_fold_t2i_meanr": 4.435215946843854,
    "test__i2t_recall_1": 42.524916943521596,
    "test__i2t_recall_5": 83.72093023255815,
    "test__i2t_recall_10": 86.04651162790698,
    "test__i2t_rsum": 212.2923588039867,
    "test__i2t_medr": 3.0,
    "test__i2t_meanr": 7.079734219269103,
    "test__t2i_recall_1": 40.863787375415285,
    "test__t2i_recall_5": 88.37209302325581,
    "test__t2i_recall_10": 97.00996677740864,
    "test__t2i_rsum": 226.24584717607974,
    "test__t2i_medr": 2.0,
    "test__t2i_meanr": 4.435215946843854
}
[2026-03-19 10:49:35] [Eval] Report @step: 1.00 {
    "test__rsum": 315.10574018126886,
    "test__medr": 7.0,
    "test__meanr": 14.858006042296072,
    "test__n_fold_i2t_recall_1": 21.45015105740181,
    "test__n_fold_i2t_recall_5": 56.19335347432024,
    "test__n_fold_i2t_recall_10": 69.48640483383686,
    "test__n_fold_i2t_rsum": 147.1299093655589,
    "test__n_fold_i2t_medr": 4.0,
    "test__n_fold_i2t_meanr": 7.057401812688822,
    "test__n_fold_t2i_recall_1": 26.283987915407856,
    "test__n_fold_t2i_recall_5": 63.74622356495468,
    "test__n_fold_t2i_recall_10": 77.94561933534743,
    "test__n_fold_t2i_rsum": 167.97583081570997,
    "test__n_fold_t2i_medr": 3.0,
    "test__n_fold_t2i_meanr": 7.80060422960725,
    "test__i2t_recall_1": 21.45015105740181,
    "test__i2t_recall_5": 56.19335347432024,
    "test__i2t_recall_10": 69.48640483383686,
    "test__i2t_rsum": 147.1299093655589,
    "test__i2t_medr": 4.0,
    "test__i2t_meanr": 7.057401812688822,
    "test__t2i_recall_1": 26.283987915407856,
    "test__t2i_recall_5": 63.74622356495468,
    "test__t2i_recall_10": 77.94561933534743,
    "test__t2i_rsum": 167.97583081570997,
    "test__t2i_medr": 3.0,
    "test__t2i_meanr": 7.80060422960725
}
[2026-03-19 10:58:45] [Eval] Report @step: 1.00 {
    "test__rsum": 345.06726457399105,
    "test__medr": 6.0,
    "test__meanr": 18.988789237668158,
    "test__n_fold_i2t_recall_1": 10.426008968609866,
    "test__n_fold_i2t_recall_5": 64.57399103139014,
    "test__n_fold_i2t_recall_10": 79.14798206278027,
    "test__n_fold_i2t_rsum": 154.14798206278027,
    "test__n_fold_i2t_medr": 4.0,
    "test__n_fold_i2t_meanr": 10.158071748878923,
    "test__n_fold_t2i_recall_1": 43.83408071748879,
    "test__n_fold_t2i_recall_5": 69.95515695067265,
    "test__n_fold_t2i_recall_10": 77.13004484304933,
    "test__n_fold_t2i_rsum": 190.91928251121078,
    "test__n_fold_t2i_medr": 2.0,
    "test__n_fold_t2i_meanr": 8.830717488789237,
    "test__i2t_recall_1": 10.426008968609866,
    "test__i2t_recall_5": 64.57399103139014,
    "test__i2t_recall_10": 79.14798206278027,
    "test__i2t_rsum": 154.14798206278027,
    "test__i2t_medr": 4.0,
    "test__i2t_meanr": 10.158071748878923,
    "test__t2i_recall_1": 43.83408071748879,
    "test__t2i_recall_5": 69.95515695067265,
    "test__t2i_recall_10": 77.13004484304933,
    "test__t2i_rsum": 190.91928251121078,
    "test__t2i_medr": 2.0,
    "test__t2i_meanr": 8.830717488789237
}
[2026-03-19 10:58:58] [Eval] Report @step: 1.00 {
    "test__rsum": 220.57142857142856,
    "test__medr": 26.0,
    "test__meanr": 24.84,
    "test__n_fold_i2t_recall_1": 27.428571428571427,
    "test__n_fold_i2t_recall_5": 36.0,
    "test__n_fold_i2t_recall_10": 57.714285714285715,
    "test__n_fold_i2t_rsum": 121.14285714285714,
    "test__n_fold_i2t_medr": 9.0,
    "test__n_fold_i2t_meanr": 9.76,
    "test__n_fold_t2i_recall_1": 27.428571428571427,
    "test__n_fold_t2i_recall_5": 35.42857142857143,
    "test__n_fold_t2i_recall_10": 36.57142857142857,
    "test__n_fold_t2i_rsum": 99.42857142857143,
    "test__n_fold_t2i_medr": 17.0,
    "test__n_fold_t2i_meanr": 15.08,
    "test__i2t_recall_1": 27.428571428571427,
    "test__i2t_recall_5": 36.0,
    "test__i2t_recall_10": 57.714285714285715,
    "test__i2t_rsum": 121.14285714285714,
    "test__i2t_medr": 9.0,
    "test__i2t_meanr": 9.76,
    "test__t2i_recall_1": 27.428571428571427,
    "test__t2i_recall_5": 35.42857142857143,
    "test__t2i_recall_10": 36.57142857142857,
    "test__t2i_rsum": 99.42857142857143,
    "test__t2i_medr": 17.0,
    "test__t2i_meanr": 15.08
}
[2026-03-19 10:59:01] [Eval] Report @step: 1.00 {
    "test__rsum": 409.6774193548387,
    "test__medr": 4.0,
    "test__meanr": 8.96774193548387,
    "test__n_fold_i2t_recall_1": 53.225806451612904,
    "test__n_fold_i2t_recall_5": 77.41935483870968,
    "test__n_fold_i2t_recall_10": 96.7741935483871,
    "test__n_fold_i2t_rsum": 227.4193548387097,
    "test__n_fold_i2t_medr": 1.0,
    "test__n_fold_i2t_meanr": 3.1451612903225805,
    "test__n_fold_t2i_recall_1": 14.516129032258064,
    "test__n_fold_t2i_recall_5": 75.80645161290323,
    "test__n_fold_t2i_recall_10": 91.93548387096774,
    "test__n_fold_t2i_rsum": 182.25806451612902,
    "test__n_fold_t2i_medr": 3.0,
    "test__n_fold_t2i_meanr": 5.82258064516129,
    "test__i2t_recall_1": 53.225806451612904,
    "test__i2t_recall_5": 77.41935483870968,
    "test__i2t_recall_10": 96.7741935483871,
    "test__i2t_rsum": 227.4193548387097,
    "test__i2t_medr": 1.0,
    "test__i2t_meanr": 3.1451612903225805,
    "test__t2i_recall_1": 14.516129032258064,
    "test__t2i_recall_5": 75.80645161290323,
    "test__t2i_recall_10": 91.93548387096774,
    "test__t2i_rsum": 182.25806451612902,
    "test__t2i_medr": 3.0,
    "test__t2i_meanr": 5.82258064516129
}
[2026-03-19 10:59:01] Round 2!
[2026-03-19 10:59:01] Training Client 6!
[2026-03-19 10:59:01] Epoch: [2] text	Loss 2.9745 (2.9864)	Prec@1 31.250 (30.859)	Prec@5 97.266 (96.224)
[2026-03-19 10:59:01] TEST:  Epoch: [2] text	Prec@1 30.667 (32.931)	Prec@5 96.000 (96.375)
[2026-03-19 10:59:02] Training Client 14!
[2026-03-19 10:59:02] Epoch 2
[2026-03-19 10:59:02] Skip MASA local epoch for client 4: train loader has no full batch
[2026-03-19 10:59:02] Training Client 9!
[2026-03-19 10:59:02] Epoch: [2] text	Loss 0.0000 (0.0000)	Prec@1 0.000 (0.000)	Prec@5 0.000 (0.000)
[2026-03-19 10:59:02] TEST:  Epoch: [2] text	Prec@1 0.000 (0.000)	Prec@5 19.355 (19.355)
[2026-03-19 10:59:02] Training Client 7!
[2026-03-19 10:59:04] Epoch: [2] text	Loss 2.3648 (2.4547)	Prec@1 54.297 (54.021)	Prec@5 95.312 (92.693)
[2026-03-19 10:59:04] TEST:  Epoch: [2] text	Prec@1 60.484 (53.251)	Prec@5 93.548 (91.480)
[2026-03-19 10:59:04] Training Client 8!
[2026-03-19 10:59:04] Epoch: [2] text	Loss 3.1777 (3.1777)	Prec@1 26.562 (26.562)	Prec@5 88.281 (88.281)
[2026-03-19 10:59:05] TEST:  Epoch: [2] text	Prec@1 20.000 (20.000)	Prec@5 89.714 (89.714)
[2026-03-19 10:59:05] Training Client 4!
[2026-03-19 10:59:05] Epoch: [2] image	Loss 3.0138 (3.0138)	Prec@1 65.234 (65.234)	Prec@5 80.469 (80.469)
[2026-03-19 10:59:05] TEST:  Epoch: [2] image	Prec@1 56.452 (56.452)	Prec@5 74.194 (74.194)
[2026-03-19 10:59:05] Training Client 10!
[2026-03-19 10:59:05] Epoch 2
[2026-03-19 10:59:06] Training Client 0!
[2026-03-19 10:59:07] Epoch: [2] image	Loss 2.8837 (2.8661)	Prec@1 34.766 (38.411)	Prec@5 96.484 (95.833)
[2026-03-19 10:59:07] TEST:  Epoch: [2] image	Prec@1 37.778 (41.196)	Prec@5 95.556 (96.013)
[2026-03-19 10:59:07] Training Client 5!
[2026-03-19 10:59:07] Epoch: [2] text	Loss 3.1634 (3.1634)	Prec@1 39.453 (39.453)	Prec@5 91.016 (91.016)
[2026-03-19 10:59:07] TEST:  Epoch: [2] text	Prec@1 37.778 (41.196)	Prec@5 91.111 (93.023)
[2026-03-19 10:59:07] Training Client 13!
[2026-03-19 10:59:07] Epoch 2
[2026-03-19 10:59:07] Skip MASA local epoch for client 3: train loader has no full batch
[2026-03-19 10:59:08] Training Client 11!
[2026-03-19 10:59:08] Epoch 2
[2026-03-19 10:59:09] Training Client 2!
[2026-03-19 10:59:10] Epoch: [2] image	Loss 2.8321 (2.8149)	Prec@1 53.516 (55.599)	Prec@5 84.375 (85.938)
[2026-03-19 10:59:10] TEST:  Epoch: [2] image	Prec@1 60.484 (53.251)	Prec@5 91.129 (85.650)
[2026-03-19 10:59:10] Training Client 3!
[2026-03-19 10:59:11] Epoch: [2] image	Loss 3.0565 (3.0516)	Prec@1 23.828 (26.693)	Prec@5 87.891 (91.016)
[2026-03-19 10:59:11] TEST:  Epoch: [2] image	Prec@1 20.000 (20.000)	Prec@5 89.714 (89.714)
[2026-03-19 10:59:11] Training Client 1!
[2026-03-19 10:59:11] Epoch: [2] image	Loss 3.1360 (3.1360)	Prec@1 27.734 (27.734)	Prec@5 97.656 (97.656)
[2026-03-19 10:59:11] TEST:  Epoch: [2] image	Prec@1 17.333 (20.242)	Prec@5 96.000 (96.375)
[2026-03-19 10:59:11] Training Client 12!
[2026-03-19 10:59:12] Epoch 2
[2026-03-19 21:09:04] start creating model and partition datasets
[2026-03-19 21:09:04] Setting model 0
[2026-03-19 21:09:04] Setting model 1
[2026-03-19 21:09:04] Setting model 2
[2026-03-19 21:09:04] Setting model 3
[2026-03-19 21:09:04] Setting model 4
[2026-03-19 21:09:05] Setting model 0
[2026-03-19 21:09:05] Setting model 1
[2026-03-19 21:09:05] Setting model 2
[2026-03-19 21:09:05] Setting model 3
[2026-03-19 21:09:05] Setting model 4
[2026-03-19 21:09:06] Engine is created.
[2026-03-19 21:09:06] Munch({'dataloader': Munch({'batch_size': 256, 'eval_batch_size': 256, 'num_workers': 0, 'alpha': 0.1, 'partition': 'hetero'}), 'model': Munch({'embed_dim': 1024, 'clip_model': 'RN50', 'cnn_type': 'resnet18', 'word_dim': 512, 'cache_dir': '/data/mmdata/log/MMCLIP/', 'n_samples_inference': 1, 'eval_method': 'matmul', 'use_img_client': True, 'use_txt_client': True, 'use_mm_client': True, 'client': 0.1, 'momentum': 0.9, 'name': 'clip', 'use_pretrained_proj': False, 'img_client': 'image', 'txt_client': 'text'}), 'optimizer': Munch({'name': 'adamp', 'learning_rate': 0.0002, 'weight_decay': 0.0}), 'lr_scheduler': Munch({'name': 'cosine_annealing', 'T_max': 30}), 'criterion': Munch({'name': 'pcme', 'init_negative_scale': 15, 'init_shift': 15, 'num_samples': 7, 'vib_beta': 0, 'criterion__negative_sampling_ratio': -1}), 'train': Munch({'is_client': True, 'server_dataset': 'Coco', 'model_save_path': 'model_last_no_prob.pth', 'best_model_save_path': 'model_best_no_prob.pth', 'pretrain_epochs': 0, 'finetune_epochs': 2, 'finetune_lr_decay': 0.1, 'log_step': 1000, 'grad_clip': 2, 'val_epochs': 1, 'pretrain_val_epochs': 1, 'use_fp16': True, 'output_file': 'FedMMDP-MASA_iapr_clip_1e-05_0.1_1x20_model_noprob.log'})})
[2026-03-19 21:09:06] start train
[2026-03-19 21:09:06] Train with half precision
[2026-03-19 21:09:06] Round 1!
[2026-03-19 21:09:06] Training Client 10!
[2026-03-19 21:09:06] Epoch 1
[2026-03-19 21:09:07] Training Client 1!
[2026-03-19 21:09:08] Epoch: [1] image	Loss 3.3444 (3.3444)	Prec@1 10.547 (10.547)	Prec@5 13.672 (13.672)
[2026-03-19 21:09:08] TEST:  Epoch: [1] image	Prec@1 14.430 (14.430)	Prec@5 21.477 (21.477)
[2026-03-19 21:09:08] Training Client 0!
[2026-03-19 21:09:08] Epoch: [1] image	Loss 3.5093 (3.5363)	Prec@1 0.000 (0.000)	Prec@5 0.000 (0.000)
[2026-03-19 21:09:08] TEST:  Epoch: [1] image	Prec@1 0.000 (0.000)	Prec@5 0.000 (0.000)
[2026-03-19 21:09:09] Training Client 11!
[2026-03-19 21:09:09] Epoch 1
[2026-03-19 21:09:11] Training Client 4!
[2026-03-19 21:09:11] Epoch: [1] image	Loss 3.3726 (3.3726)	Prec@1 0.000 (0.000)	Prec@5 23.828 (23.828)
[2026-03-19 21:09:11] TEST:  Epoch: [1] image	Prec@1 0.000 (0.000)	Prec@5 57.143 (57.143)
[2026-03-19 21:09:11] Training Client 3!
[2026-03-19 21:09:11] Epoch: [1] image	Loss 3.3270 (3.3532)	Prec@1 0.000 (0.000)	Prec@5 37.891 (30.599)
[2026-03-19 21:09:12] TEST:  Epoch: [1] image	Prec@1 1.274 (1.274)	Prec@5 45.860 (45.860)
[2026-03-19 21:09:12] Training Client 9!
[2026-03-19 21:09:12] Epoch: [1] text	Loss 0.0000 (0.0000)	Prec@1 0.000 (0.000)	Prec@5 0.000 (0.000)
[2026-03-19 21:09:12] TEST:  Epoch: [1] text	Prec@1 0.000 (0.000)	Prec@5 12.500 (12.500)
[2026-03-19 21:09:12] Training Client 2!
[2026-03-19 21:09:12] Epoch: [1] image	Loss 3.3610 (3.3978)	Prec@1 0.000 (0.000)	Prec@5 1.562 (0.911)
[2026-03-19 21:09:13] TEST:  Epoch: [1] image	Prec@1 0.000 (0.000)	Prec@5 29.210 (27.522)
[2026-03-19 21:09:13] Training Client 5!
[2026-03-19 21:09:13] Epoch: [1] text	Loss 3.5704 (3.5704)	Prec@1 0.000 (0.000)	Prec@5 0.000 (0.000)
[2026-03-19 21:09:13] TEST:  Epoch: [1] text	Prec@1 0.000 (0.000)	Prec@5 0.000 (0.000)
[2026-03-19 21:09:13] Training Client 12!
[2026-03-19 21:09:13] Epoch 1
[2026-03-19 21:09:16] Training Client 14!
[2026-03-19 21:09:16] Epoch 1
[2026-03-19 21:09:16] Skip MASA local epoch for client 4: train loader has no full batch
[2026-03-19 21:09:16] Training Client 6!
[2026-03-19 21:09:17] Epoch: [1] text	Loss 3.2724 (3.2864)	Prec@1 16.016 (14.453)	Prec@5 36.719 (34.245)
[2026-03-19 21:09:17] TEST:  Epoch: [1] text	Prec@1 12.081 (12.081)	Prec@5 48.658 (48.658)
[2026-03-19 21:09:17] Training Client 7!
[2026-03-19 21:09:18] Epoch: [1] text	Loss 2.0045 (2.7950)	Prec@1 54.688 (37.339)	Prec@5 94.531 (62.914)
[2026-03-19 21:09:19] TEST:  Epoch: [1] text	Prec@1 54.296 (53.300)	Prec@5 96.220 (95.392)
[2026-03-19 21:09:19] Training Client 13!
[2026-03-19 21:09:19] Epoch 1
[2026-03-19 21:09:19] Skip MASA local epoch for client 3: train loader has no full batch
[2026-03-19 21:09:19] Training Client 8!
[2026-03-19 21:09:20] Epoch: [1] text	Loss 3.3491 (3.3491)	Prec@1 0.000 (0.000)	Prec@5 26.953 (26.953)
[2026-03-19 21:09:20] TEST:  Epoch: [1] text	Prec@1 0.000 (0.000)	Prec@5 26.752 (26.752)
[2026-03-19 21:09:50] TEST:  Epoch: [1] image	Prec@1 37.778 (41.196)	Prec@5 95.556 (96.013)
[2026-03-19 21:09:50] TEST:  Epoch: [1] image	Prec@1 30.667 (26.888)	Prec@5 96.000 (96.375)
[2026-03-19 21:09:51] TEST:  Epoch: [1] image	Prec@1 60.484 (53.251)	Prec@5 93.548 (91.480)
[2026-03-19 21:09:51] TEST:  Epoch: [1] image	Prec@1 20.000 (20.000)	Prec@5 89.714 (89.714)
[2026-03-19 21:09:51] TEST:  Epoch: [1] image	Prec@1 56.452 (56.452)	Prec@5 74.194 (74.194)
[2026-03-19 21:09:51] TEST:  Epoch: [1] text	Prec@1 37.778 (41.196)	Prec@5 91.111 (93.023)
[2026-03-19 21:09:51] TEST:  Epoch: [1] text	Prec@1 30.667 (32.931)	Prec@5 96.000 (96.375)
[2026-03-19 21:09:52] TEST:  Epoch: [1] text	Prec@1 60.484 (53.251)	Prec@5 93.548 (91.480)
[2026-03-19 21:09:52] TEST:  Epoch: [1] text	Prec@1 20.000 (20.000)	Prec@5 89.714 (89.714)
[2026-03-19 21:09:52] TEST:  Epoch: [1] text	Prec@1 0.000 (0.000)	Prec@5 19.355 (19.355)
[2026-03-19 21:10:14] [Eval] Report @step: 1.00 {
    "test__rsum": 438.53820598006644,
    "test__medr": 5.0,
    "test__meanr": 11.514950166112957,
    "test__n_fold_i2t_recall_1": 42.524916943521596,
    "test__n_fold_i2t_recall_5": 83.72093023255815,
    "test__n_fold_i2t_recall_10": 86.04651162790698,
    "test__n_fold_i2t_rsum": 212.2923588039867,
    "test__n_fold_i2t_medr": 3.0,
    "test__n_fold_i2t_meanr": 7.079734219269103,
    "test__n_fold_t2i_recall_1": 40.863787375415285,
    "test__n_fold_t2i_recall_5": 88.37209302325581,
    "test__n_fold_t2i_recall_10": 97.00996677740864,
    "test__n_fold_t2i_rsum": 226.24584717607974,
    "test__n_fold_t2i_medr": 2.0,
    "test__n_fold_t2i_meanr": 4.435215946843854,
    "test__i2t_recall_1": 42.524916943521596,
    "test__i2t_recall_5": 83.72093023255815,
    "test__i2t_recall_10": 86.04651162790698,
    "test__i2t_rsum": 212.2923588039867,
    "test__i2t_medr": 3.0,
    "test__i2t_meanr": 7.079734219269103,
    "test__t2i_recall_1": 40.863787375415285,
    "test__t2i_recall_5": 88.37209302325581,
    "test__t2i_recall_10": 97.00996677740864,
    "test__t2i_rsum": 226.24584717607974,
    "test__t2i_medr": 2.0,
    "test__t2i_meanr": 4.435215946843854
}
[2026-03-19 21:10:41] [Eval] Report @step: 1.00 {
    "test__rsum": 315.10574018126886,
    "test__medr": 7.0,
    "test__meanr": 14.858006042296072,
    "test__n_fold_i2t_recall_1": 21.45015105740181,
    "test__n_fold_i2t_recall_5": 56.19335347432024,
    "test__n_fold_i2t_recall_10": 69.48640483383686,
    "test__n_fold_i2t_rsum": 147.1299093655589,
    "test__n_fold_i2t_medr": 4.0,
    "test__n_fold_i2t_meanr": 7.057401812688822,
    "test__n_fold_t2i_recall_1": 26.283987915407856,
    "test__n_fold_t2i_recall_5": 63.74622356495468,
    "test__n_fold_t2i_recall_10": 77.94561933534743,
    "test__n_fold_t2i_rsum": 167.97583081570997,
    "test__n_fold_t2i_medr": 3.0,
    "test__n_fold_t2i_meanr": 7.80060422960725,
    "test__i2t_recall_1": 21.45015105740181,
    "test__i2t_recall_5": 56.19335347432024,
    "test__i2t_recall_10": 69.48640483383686,
    "test__i2t_rsum": 147.1299093655589,
    "test__i2t_medr": 4.0,
    "test__i2t_meanr": 7.057401812688822,
    "test__t2i_recall_1": 26.283987915407856,
    "test__t2i_recall_5": 63.74622356495468,
    "test__t2i_recall_10": 77.94561933534743,
    "test__t2i_rsum": 167.97583081570997,
    "test__t2i_medr": 3.0,
    "test__t2i_meanr": 7.80060422960725
}
[2026-03-19 21:14:13] [Eval] Report @step: 1.00 {
    "test__rsum": 345.06726457399105,
    "test__medr": 6.0,
    "test__meanr": 18.988789237668158,
    "test__n_fold_i2t_recall_1": 10.426008968609866,
    "test__n_fold_i2t_recall_5": 64.57399103139014,
    "test__n_fold_i2t_recall_10": 79.14798206278027,
    "test__n_fold_i2t_rsum": 154.14798206278027,
    "test__n_fold_i2t_medr": 4.0,
    "test__n_fold_i2t_meanr": 10.158071748878923,
    "test__n_fold_t2i_recall_1": 43.83408071748879,
    "test__n_fold_t2i_recall_5": 69.95515695067265,
    "test__n_fold_t2i_recall_10": 77.13004484304933,
    "test__n_fold_t2i_rsum": 190.91928251121078,
    "test__n_fold_t2i_medr": 2.0,
    "test__n_fold_t2i_meanr": 8.830717488789237,
    "test__i2t_recall_1": 10.426008968609866,
    "test__i2t_recall_5": 64.57399103139014,
    "test__i2t_recall_10": 79.14798206278027,
    "test__i2t_rsum": 154.14798206278027,
    "test__i2t_medr": 4.0,
    "test__i2t_meanr": 10.158071748878923,
    "test__t2i_recall_1": 43.83408071748879,
    "test__t2i_recall_5": 69.95515695067265,
    "test__t2i_recall_10": 77.13004484304933,
    "test__t2i_rsum": 190.91928251121078,
    "test__t2i_medr": 2.0,
    "test__t2i_meanr": 8.830717488789237
}
[2026-03-19 21:14:19] [Eval] Report @step: 1.00 {
    "test__rsum": 220.57142857142856,
    "test__medr": 26.0,
    "test__meanr": 24.84,
    "test__n_fold_i2t_recall_1": 27.428571428571427,
    "test__n_fold_i2t_recall_5": 36.0,
    "test__n_fold_i2t_recall_10": 57.714285714285715,
    "test__n_fold_i2t_rsum": 121.14285714285714,
    "test__n_fold_i2t_medr": 9.0,
    "test__n_fold_i2t_meanr": 9.76,
    "test__n_fold_t2i_recall_1": 27.428571428571427,
    "test__n_fold_t2i_recall_5": 35.42857142857143,
    "test__n_fold_t2i_recall_10": 36.57142857142857,
    "test__n_fold_t2i_rsum": 99.42857142857143,
    "test__n_fold_t2i_medr": 17.0,
    "test__n_fold_t2i_meanr": 15.08,
    "test__i2t_recall_1": 27.428571428571427,
    "test__i2t_recall_5": 36.0,
    "test__i2t_recall_10": 57.714285714285715,
    "test__i2t_rsum": 121.14285714285714,
    "test__i2t_medr": 9.0,
    "test__i2t_meanr": 9.76,
    "test__t2i_recall_1": 27.428571428571427,
    "test__t2i_recall_5": 35.42857142857143,
    "test__t2i_recall_10": 36.57142857142857,
    "test__t2i_rsum": 99.42857142857143,
    "test__t2i_medr": 17.0,
    "test__t2i_meanr": 15.08
}
[2026-03-19 21:14:21] [Eval] Report @step: 1.00 {
    "test__rsum": 409.6774193548387,
    "test__medr": 4.0,
    "test__meanr": 8.96774193548387,
    "test__n_fold_i2t_recall_1": 53.225806451612904,
    "test__n_fold_i2t_recall_5": 77.41935483870968,
    "test__n_fold_i2t_recall_10": 96.7741935483871,
    "test__n_fold_i2t_rsum": 227.4193548387097,
    "test__n_fold_i2t_medr": 1.0,
    "test__n_fold_i2t_meanr": 3.1451612903225805,
    "test__n_fold_t2i_recall_1": 14.516129032258064,
    "test__n_fold_t2i_recall_5": 75.80645161290323,
    "test__n_fold_t2i_recall_10": 91.93548387096774,
    "test__n_fold_t2i_rsum": 182.25806451612902,
    "test__n_fold_t2i_medr": 3.0,
    "test__n_fold_t2i_meanr": 5.82258064516129,
    "test__i2t_recall_1": 53.225806451612904,
    "test__i2t_recall_5": 77.41935483870968,
    "test__i2t_recall_10": 96.7741935483871,
    "test__i2t_rsum": 227.4193548387097,
    "test__i2t_medr": 1.0,
    "test__i2t_meanr": 3.1451612903225805,
    "test__t2i_recall_1": 14.516129032258064,
    "test__t2i_recall_5": 75.80645161290323,
    "test__t2i_recall_10": 91.93548387096774,
    "test__t2i_rsum": 182.25806451612902,
    "test__t2i_medr": 3.0,
    "test__t2i_meanr": 5.82258064516129
}
[2026-03-19 21:14:21] Round 2!
[2026-03-19 21:14:21] Training Client 6!
[2026-03-19 21:14:21] Epoch: [2] text	Loss 2.9745 (2.9864)	Prec@1 31.250 (30.859)	Prec@5 97.266 (96.224)
[2026-03-19 21:14:21] TEST:  Epoch: [2] text	Prec@1 30.667 (32.931)	Prec@5 96.000 (96.375)
[2026-03-19 21:14:22] Training Client 14!
[2026-03-19 21:14:22] Epoch 2
[2026-03-19 21:14:22] Skip MASA local epoch for client 4: train loader has no full batch
[2026-03-19 21:14:22] Training Client 9!
[2026-03-19 21:14:22] Epoch: [2] text	Loss 0.0000 (0.0000)	Prec@1 0.000 (0.000)	Prec@5 0.000 (0.000)
[2026-03-19 21:14:22] TEST:  Epoch: [2] text	Prec@1 0.000 (0.000)	Prec@5 19.355 (19.355)
[2026-03-19 21:14:22] Training Client 7!
[2026-03-19 21:14:23] Epoch: [2] text	Loss 2.3648 (2.4547)	Prec@1 54.297 (54.021)	Prec@5 95.312 (92.693)
[2026-03-19 21:14:24] TEST:  Epoch: [2] text	Prec@1 60.484 (53.251)	Prec@5 93.548 (91.480)
[2026-03-19 21:14:24] Training Client 8!
[2026-03-19 21:14:24] Epoch: [2] text	Loss 3.1777 (3.1777)	Prec@1 26.562 (26.562)	Prec@5 88.281 (88.281)
[2026-03-19 21:14:24] TEST:  Epoch: [2] text	Prec@1 20.000 (20.000)	Prec@5 89.714 (89.714)
[2026-03-19 21:14:25] Training Client 4!
[2026-03-19 21:14:25] Epoch: [2] image	Loss 3.0547 (3.0547)	Prec@1 57.812 (57.812)	Prec@5 80.078 (80.078)
[2026-03-19 21:14:25] TEST:  Epoch: [2] image	Prec@1 56.452 (56.452)	Prec@5 74.194 (74.194)
[2026-03-19 21:14:25] Training Client 10!
[2026-03-19 21:14:25] Epoch 2
[2026-03-19 21:14:26] Training Client 0!
[2026-03-19 21:14:26] Epoch: [2] image	Loss 2.8733 (2.8680)	Prec@1 37.891 (38.802)	Prec@5 95.703 (95.833)
[2026-03-19 21:14:27] TEST:  Epoch: [2] image	Prec@1 37.778 (41.196)	Prec@5 95.556 (96.013)
[2026-03-19 21:14:27] Training Client 5!
[2026-03-19 21:14:27] Epoch: [2] text	Loss 3.1634 (3.1634)	Prec@1 39.453 (39.453)	Prec@5 91.016 (91.016)
[2026-03-19 21:14:27] TEST:  Epoch: [2] text	Prec@1 37.778 (41.196)	Prec@5 91.111 (93.023)
[2026-03-19 21:14:27] Training Client 13!
[2026-03-19 21:14:27] Epoch 2
[2026-03-19 21:14:27] Skip MASA local epoch for client 3: train loader has no full batch
[2026-03-19 21:14:27] Training Client 11!
[2026-03-19 21:14:27] Epoch 2
[2026-03-19 21:14:30] Training Client 2!
[2026-03-19 21:14:30] Epoch: [2] image	Loss 2.8174 (2.8205)	Prec@1 54.688 (54.818)	Prec@5 92.188 (92.578)
[2026-03-19 21:14:30] TEST:  Epoch: [2] image	Prec@1 60.484 (53.251)	Prec@5 93.548 (91.480)
[2026-03-19 21:14:31] Training Client 3!
[2026-03-19 21:14:31] Epoch: [2] image	Loss 3.0402 (3.0469)	Prec@1 31.250 (28.125)	Prec@5 90.625 (91.146)
[2026-03-19 21:14:31] TEST:  Epoch: [2] image	Prec@1 20.000 (20.000)	Prec@5 89.714 (89.714)
[2026-03-19 21:14:31] Training Client 1!
[2026-03-19 21:14:31] Epoch: [2] image	Loss 3.1298 (3.1298)	Prec@1 30.859 (30.859)	Prec@5 97.266 (97.266)
[2026-03-19 21:14:31] TEST:  Epoch: [2] image	Prec@1 30.667 (26.888)	Prec@5 96.000 (96.375)
[2026-03-19 21:14:32] Training Client 12!
[2026-03-19 21:14:32] Epoch 2
